  Determining projects to restore...
C:\Users\Lokesh\Downloads\JobPortal_JPNS_Fixed (3)\JobPortal_JPNS_Fixed\JobPortal_JPNS_Fixed\JobPortal_JPNS_Combined\JobPortal_JPNS_Combined\JobPortal\JobPortal.csproj : warning NU1510: PackageReference System.Text.Json will not be pruned. Consider removing this package from your dependencies, as it is likely unnecessary.
  All projects are up-to-date for restore.
C:\Users\Lokesh\Downloads\JobPortal_JPNS_Fixed (3)\JobPortal_JPNS_Fixed\JobPortal_JPNS_Fixed\JobPortal_JPNS_Combined\JobPortal_JPNS_Combined\JobPortal\JobPortal.csproj : warning NU1510: PackageReference System.Text.Json will not be pruned. Consider removing this package from your dependencies, as it is likely unnecessary.
C:\Users\Lokesh\Downloads\JobPortal_JPNS_Fixed (3)\JobPortal_JPNS_Fixed\JobPortal_JPNS_Fixed\JobPortal_JPNS_Combined\JobPortal_JPNS_Combined\JobPortal\Shared\UtilityClass\JobListing.cs(7,16): error CS0101: The namespace 'JobPortal.Features.JobPosting' already contains a definition for 'JobListing' [C:\Users\Lokesh\Downloads\JobPortal_JPNS_Fixed (3)\JobPortal_JPNS_Fixed\JobPortal_JPNS_Fixed\JobPortal_JPNS_Combined\JobPortal_JPNS_Combined\JobPortal\JobPortal.csproj]
C:\Users\Lokesh\Downloads\JobPortal_JPNS_Fixed (3)\JobPortal_JPNS_Fixed\JobPortal_JPNS_Fixed\JobPortal_JPNS_Combined\JobPortal_JPNS_Combined\JobPortal\Features\User\Candidate\Repository\JobSeekerRepository.cs(556,39): error CS0246: The type or namespace name 'CandidateSkill' could not be found (are you missing a using directive or an assembly reference?) [C:\Users\Lokesh\Downloads\JobPortal_JPNS_Fixed (3)\JobPortal_JPNS_Fixed\JobPortal_JPNS_Fixed\JobPortal_JPNS_Combined\JobPortal_JPNS_Combined\JobPortal\JobPortal.csproj]
C:\Users\Lokesh\Downloads\JobPortal_JPNS_Fixed (3)\JobPortal_JPNS_Fixed\JobPortal_JPNS_Fixed\JobPortal_JPNS_Combined\JobPortal_JPNS_Combined\JobPortal\Features\JobPosting\Repository\JobRepository.cs(19,27): error CS0246: The type or namespace name 'JobListing' could not be found (are you missing a using directive or an assembly reference?) [C:\Users\Lokesh\Downloads\JobPortal_JPNS_Fixed (3)\JobPortal_JPNS_Fixed\JobPortal_JPNS_Fixed\JobPortal_JPNS_Combined\JobPortal_JPNS_Combined\JobPortal\JobPortal.csproj]
C:\Users\Lokesh\Downloads\JobPortal_JPNS_Fixed (3)\JobPortal_JPNS_Fixed\JobPortal_JPNS_Fixed\JobPortal_JPNS_Combined\JobPortal_JPNS_Combined\JobPortal\Features\JobPosting\Repository\JobRepository.cs(41,39): error CS0246: The type or namespace name 'JobListing' could not be found (are you missing a using directive or an assembly reference?) [C:\Users\Lokesh\Downloads\JobPortal_JPNS_Fixed (3)\JobPortal_JPNS_Fixed\JobPortal_JPNS_Fixed\JobPortal_JPNS_Combined\JobPortal_JPNS_Combined\JobPortal\JobPortal.csproj]
C:\Users\Lokesh\Downloads\JobPortal_JPNS_Fixed (3)\JobPortal_JPNS_Fixed\JobPortal_JPNS_Fixed\JobPortal_JPNS_Combined\JobPortal_JPNS_Combined\JobPortal\Features\User\Candidate\Repository\JobSeekerRepository.cs(670,27): error CS0246: The type or namespace name 'Application' could not be found (are you missing a using directive or an assembly reference?) [C:\Users\Lokesh\Downloads\JobPortal_JPNS_Fixed (3)\JobPortal_JPNS_Fixed\JobPortal_JPNS_Fixed\JobPortal_JPNS_Combined\JobPortal_JPNS_Combined\JobPortal\JobPortal.csproj]
C:\Users\Lokesh\Downloads\JobPortal_JPNS_Fixed (3)\JobPortal_JPNS_Fixed\JobPortal_JPNS_Fixed\JobPortal_JPNS_Combined\JobPortal_JPNS_Combined\JobPortal\Features\JobPosting\Repository\JobRepository.cs(63,44): error CS0246: The type or namespace name 'JobListing' could not be found (are you missing a using directive or an assembly reference?) [C:\Users\Lokesh\Downloads\JobPortal_JPNS_Fixed (3)\JobPortal_JPNS_Fixed\JobPortal_JPNS_Fixed\JobPortal_JPNS_Combined\JobPortal_JPNS_Combined\JobPortal\JobPortal.csproj]
C:\Users\Lokesh\Downloads\JobPortal_JPNS_Fixed (3)\JobPortal_JPNS_Fixed\JobPortal_JPNS_Fixed\JobPortal_JPNS_Combined\JobPortal_JPNS_Combined\JobPortal\Features\User\Candidate\Repository\JobSeekerRepository.cs(692,39): error CS0246: The type or namespace name 'Application' could not be found (are you missing a using directive or an assembly reference?) [C:\Users\Lokesh\Downloads\JobPortal_JPNS_Fixed (3)\JobPortal_JPNS_Fixed\JobPortal_JPNS_Fixed\JobPortal_JPNS_Combined\JobPortal_JPNS_Combined\JobPortal\JobPortal.csproj]
C:\Users\Lokesh\Downloads\JobPortal_JPNS_Fixed (3)\JobPortal_JPNS_Fixed\JobPortal_JPNS_Fixed\JobPortal_JPNS_Combined\JobPortal_JPNS_Combined\JobPortal\Features\JobPosting\Repository\JobRepository.cs(72,45): error CS0246: The type or namespace name 'JobListing' could not be found (are you missing a using directive or an assembly reference?) [C:\Users\Lokesh\Downloads\JobPortal_JPNS_Fixed (3)\JobPortal_JPNS_Fixed\JobPortal_JPNS_Fixed\JobPortal_JPNS_Combined\JobPortal_JPNS_Combined\JobPortal\JobPortal.csproj]
C:\Users\Lokesh\Downloads\JobPortal_JPNS_Fixed (3)\JobPortal_JPNS_Fixed\JobPortal_JPNS_Fixed\JobPortal_JPNS_Combined\JobPortal_JPNS_Combined\JobPortal\Features\JobPosting\Repository\JobRepository.cs(151,39): error CS0246: The type or namespace name 'JobListing' could not be found (are you missing a using directive or an assembly reference?) [C:\Users\Lokesh\Downloads\JobPortal_JPNS_Fixed (3)\JobPortal_JPNS_Fixed\JobPortal_JPNS_Fixed\JobPortal_JPNS_Combined\JobPortal_JPNS_Combined\JobPortal\JobPortal.csproj]
C:\Users\Lokesh\Downloads\JobPortal_JPNS_Fixed (3)\JobPortal_JPNS_Fixed\JobPortal_JPNS_Fixed\JobPortal_JPNS_Combined\JobPortal_JPNS_Combined\JobPortal\Features\User\Candidate\Repository\JobSeekerRepository.cs(824,24): error CS0246: The type or namespace name 'Application' could not be found (are you missing a using directive or an assembly reference?) [C:\Users\Lokesh\Downloads\JobPortal_JPNS_Fixed (3)\JobPortal_JPNS_Fixed\JobPortal_JPNS_Fixed\JobPortal_JPNS_Combined\JobPortal_JPNS_Combined\JobPortal\JobPortal.csproj]
C:\Users\Lokesh\Downloads\JobPortal_JPNS_Fixed (3)\JobPortal_JPNS_Fixed\JobPortal_JPNS_Fixed\JobPortal_JPNS_Combined\JobPortal_JPNS_Combined\JobPortal\Features\JobPosting\Repository\JobRepository.cs(190,39): error CS0246: The type or namespace name 'JobListing' could not be found (are you missing a using directive or an assembly reference?) [C:\Users\Lokesh\Downloads\JobPortal_JPNS_Fixed (3)\JobPortal_JPNS_Fixed\JobPortal_JPNS_Fixed\JobPortal_JPNS_Combined\JobPortal_JPNS_Combined\JobPortal\JobPortal.csproj]
C:\Users\Lokesh\Downloads\JobPortal_JPNS_Fixed (3)\JobPortal_JPNS_Fixed\JobPortal_JPNS_Fixed\JobPortal_JPNS_Combined\JobPortal_JPNS_Combined\JobPortal\Features\JobPosting\Repository\JobRepository.cs(222,39): error CS0246: The type or namespace name 'JobListing' could not be found (are you missing a using directive or an assembly reference?) [C:\Users\Lokesh\Downloads\JobPortal_JPNS_Fixed (3)\JobPortal_JPNS_Fixed\JobPortal_JPNS_Fixed\JobPortal_JPNS_Combined\JobPortal_JPNS_Combined\JobPortal\JobPortal.csproj]
C:\Users\Lokesh\Downloads\JobPortal_JPNS_Fixed (3)\JobPortal_JPNS_Fixed\JobPortal_JPNS_Fixed\JobPortal_JPNS_Combined\JobPortal_JPNS_Combined\JobPortal\Features\JobPosting\Repository\JobRepository.cs(247,39): error CS0246: The type or namespace name 'JobListing' could not be found (are you missing a using directive or an assembly reference?) [C:\Users\Lokesh\Downloads\JobPortal_JPNS_Fixed (3)\JobPortal_JPNS_Fixed\JobPortal_JPNS_Fixed\JobPortal_JPNS_Combined\JobPortal_JPNS_Combined\JobPortal\JobPortal.csproj]
C:\Users\Lokesh\Downloads\JobPortal_JPNS_Fixed (3)\JobPortal_JPNS_Fixed\JobPortal_JPNS_Fixed\JobPortal_JPNS_Combined\JobPortal_JPNS_Combined\JobPortal\Features\JobPosting\Repository\JobRepository.cs(302,39): error CS0246: The type or namespace name 'JobSkill' could not be found (are you missing a using directive or an assembly reference?) [C:\Users\Lokesh\Downloads\JobPortal_JPNS_Fixed (3)\JobPortal_JPNS_Fixed\JobPortal_JPNS_Fixed\JobPortal_JPNS_Combined\JobPortal_JPNS_Combined\JobPortal\JobPortal.csproj]
C:\Users\Lokesh\Downloads\JobPortal_JPNS_Fixed (3)\JobPortal_JPNS_Fixed\JobPortal_JPNS_Fixed\JobPortal_JPNS_Combined\JobPortal_JPNS_Combined\JobPortal\Features\JobPosting\Repository\JobRepository.cs(360,39): error CS0246: The type or namespace name 'SavedJob' could not be found (are you missing a using directive or an assembly reference?) [C:\Users\Lokesh\Downloads\JobPortal_JPNS_Fixed (3)\JobPortal_JPNS_Fixed\JobPortal_JPNS_Fixed\JobPortal_JPNS_Combined\JobPortal_JPNS_Combined\JobPortal\JobPortal.csproj]
C:\Users\Lokesh\Downloads\JobPortal_JPNS_Fixed (3)\JobPortal_JPNS_Fixed\JobPortal_JPNS_Fixed\JobPortal_JPNS_Combined\JobPortal_JPNS_Combined\JobPortal\Features\JobPosting\Repository\JobRepository.cs(409,24): error CS0246: The type or namespace name 'JobListing' could not be found (are you missing a using directive or an assembly reference?) [C:\Users\Lokesh\Downloads\JobPortal_JPNS_Fixed (3)\JobPortal_JPNS_Fixed\JobPortal_JPNS_Fixed\JobPortal_JPNS_Combined\JobPortal_JPNS_Combined\JobPortal\JobPortal.csproj]
C:\Users\Lokesh\Downloads\JobPortal_JPNS_Fixed (3)\JobPortal_JPNS_Fixed\JobPortal_JPNS_Fixed\JobPortal_JPNS_Combined\JobPortal_JPNS_Combined\JobPortal\Features\User\Candidate\Interface\IJobSeekerRepository.cs(42,26): error CS0246: The type or namespace name 'CandidateSkill' could not be found (are you missing a using directive or an assembly reference?) [C:\Users\Lokesh\Downloads\JobPortal_JPNS_Fixed (3)\JobPortal_JPNS_Fixed\JobPortal_JPNS_Fixed\JobPortal_JPNS_Combined\JobPortal_JPNS_Combined\JobPortal\JobPortal.csproj]
C:\Users\Lokesh\Downloads\JobPortal_JPNS_Fixed (3)\JobPortal_JPNS_Fixed\JobPortal_JPNS_Fixed\JobPortal_JPNS_Combined\JobPortal_JPNS_Combined\JobPortal\Features\User\Candidate\Interface\IJobSeekerRepository.cs(49,14): error CS0246: The type or namespace name 'Application' could not be found (are you missing a using directive or an assembly reference?) [C:\Users\Lokesh\Downloads\JobPortal_JPNS_Fixed (3)\JobPortal_JPNS_Fixed\JobPortal_JPNS_Fixed\JobPortal_JPNS_Combined\JobPortal_JPNS_Combined\JobPortal\JobPortal.csproj]
C:\Users\Lokesh\Downloads\JobPortal_JPNS_Fixed (3)\JobPortal_JPNS_Fixed\JobPortal_JPNS_Fixed\JobPortal_JPNS_Combined\JobPortal_JPNS_Combined\JobPortal\Features\User\Candidate\Interface\IJobSeekerRepository.cs(50,26): error CS0246: The type or namespace name 'Application' could not be found (are you missing a using directive or an assembly reference?) [C:\Users\Lokesh\Downloads\JobPortal_JPNS_Fixed (3)\JobPortal_JPNS_Fixed\JobPortal_JPNS_Fixed\JobPortal_JPNS_Combined\JobPortal_JPNS_Combined\JobPortal\JobPortal.csproj]
C:\Users\Lokesh\Downloads\JobPortal_JPNS_Fixed (3)\JobPortal_JPNS_Fixed\JobPortal_JPNS_Fixed\JobPortal_JPNS_Combined\JobPortal_JPNS_Combined\JobPortal\Features\JobPosting\Repository\JobRepository.cs(9,34): error CS0738: 'JobRepository' does not implement interface member 'IJobRepository.SearchJobsAsync(string?, decimal?, decimal?)'. 'JobRepository.SearchJobsAsync(string?, decimal?, decimal?)' cannot implement 'IJobRepository.SearchJobsAsync(string?, decimal?, decimal?)' because it does not have the matching return type of 'Task<IEnumerable<JobListing>>'. [C:\Users\Lokesh\Downloads\JobPortal_JPNS_Fixed (3)\JobPortal_JPNS_Fixed\JobPortal_JPNS_Fixed\JobPortal_JPNS_Combined\JobPortal_JPNS_Combined\JobPortal\JobPortal.csproj]
C:\Users\Lokesh\Downloads\JobPortal_JPNS_Fixed (3)\JobPortal_JPNS_Fixed\JobPortal_JPNS_Fixed\JobPortal_JPNS_Combined\JobPortal_JPNS_Combined\JobPortal\Features\JobPosting\Repository\JobRepository.cs(9,34): error CS0738: 'JobRepository' does not implement interface member 'IJobRepository.GetPendingJobsAsync()'. 'JobRepository.GetPendingJobsAsync()' cannot implement 'IJobRepository.GetPendingJobsAsync()' because it does not have the matching return type of 'Task<IEnumerable<JobListing>>'. [C:\Users\Lokesh\Downloads\JobPortal_JPNS_Fixed (3)\JobPortal_JPNS_Fixed\JobPortal_JPNS_Fixed\JobPortal_JPNS_Combined\JobPortal_JPNS_Combined\JobPortal\JobPortal.csproj]
C:\Users\Lokesh\Downloads\JobPortal_JPNS_Fixed (3)\JobPortal_JPNS_Fixed\JobPortal_JPNS_Fixed\JobPortal_JPNS_Combined\JobPortal_JPNS_Combined\JobPortal\Features\JobPosting\Repository\JobRepository.cs(9,34): error CS0738: 'JobRepository' does not implement interface member 'IJobRepository.GetByCompanyAsync(int)'. 'JobRepository.GetByCompanyAsync(int)' cannot implement 'IJobRepository.GetByCompanyAsync(int)' because it does not have the matching return type of 'Task<IEnumerable<JobListing>>'. [C:\Users\Lokesh\Downloads\JobPortal_JPNS_Fixed (3)\JobPortal_JPNS_Fixed\JobPortal_JPNS_Fixed\JobPortal_JPNS_Combined\JobPortal_JPNS_Combined\JobPortal\JobPortal.csproj]
C:\Users\Lokesh\Downloads\JobPortal_JPNS_Fixed (3)\JobPortal_JPNS_Fixed\JobPortal_JPNS_Fixed\JobPortal_JPNS_Combined\JobPortal_JPNS_Combined\JobPortal\Features\JobPosting\Repository\JobRepository.cs(9,34): error CS0738: 'JobRepository' does not implement interface member 'IJobRepository.GetByStatusAsync(string)'. 'JobRepository.GetByStatusAsync(string)' cannot implement 'IJobRepository.GetByStatusAsync(string)' because it does not have the matching return type of 'Task<IEnumerable<JobListing>>'. [C:\Users\Lokesh\Downloads\JobPortal_JPNS_Fixed (3)\JobPortal_JPNS_Fixed\JobPortal_JPNS_Fixed\JobPortal_JPNS_Combined\JobPortal_JPNS_Combined\JobPortal\JobPortal.csproj]
C:\Users\Lokesh\Downloads\JobPortal_JPNS_Fixed (3)\JobPortal_JPNS_Fixed\JobPortal_JPNS_Fixed\JobPortal_JPNS_Combined\JobPortal_JPNS_Combined\JobPortal\Features\JobPosting\Repository\JobRepository.cs(9,34): error CS0738: 'JobRepository' does not implement interface member 'IJobRepository.GetJobSkillsAsync(int)'. 'JobRepository.GetJobSkillsAsync(int)' cannot implement 'IJobRepository.GetJobSkillsAsync(int)' because it does not have the matching return type of 'Task<IEnumerable<JobSkill>>'. [C:\Users\Lokesh\Downloads\JobPortal_JPNS_Fixed (3)\JobPortal_JPNS_Fixed\JobPortal_JPNS_Fixed\JobPortal_JPNS_Combined\JobPortal_JPNS_Combined\JobPortal\JobPortal.csproj]
C:\Users\Lokesh\Downloads\JobPortal_JPNS_Fixed (3)\JobPortal_JPNS_Fixed\JobPortal_JPNS_Fixed\JobPortal_JPNS_Combined\JobPortal_JPNS_Combined\JobPortal\Features\JobPosting\Repository\JobRepository.cs(9,34): error CS0738: 'JobRepository' does not implement interface member 'IJobRepository.GetSavedJobsByUserAsync(int)'. 'JobRepository.GetSavedJobsByUserAsync(int)' cannot implement 'IJobRepository.GetSavedJobsByUserAsync(int)' because it does not have the matching return type of 'Task<IEnumerable<SavedJob>>'. [C:\Users\Lokesh\Downloads\JobPortal_JPNS_Fixed (3)\JobPortal_JPNS_Fixed\JobPortal_JPNS_Fixed\JobPortal_JPNS_Combined\JobPortal_JPNS_Combined\JobPortal\JobPortal.csproj]
C:\Users\Lokesh\Downloads\JobPortal_JPNS_Fixed (3)\JobPortal_JPNS_Fixed\JobPortal_JPNS_Fixed\JobPortal_JPNS_Combined\JobPortal_JPNS_Combined\JobPortal\Features\JobPosting\Repository\JobRepository.cs(9,34): error CS0738: 'JobRepository' does not implement interface member 'IRepository<JobListing>.GetByIdAsync(int)'. 'JobRepository.GetByIdAsync(int)' cannot implement 'IRepository<JobListing>.GetByIdAsync(int)' because it does not have the matching return type of 'Task<JobListing?>'. [C:\Users\Lokesh\Downloads\JobPortal_JPNS_Fixed (3)\JobPortal_JPNS_Fixed\JobPortal_JPNS_Fixed\JobPortal_JPNS_Combined\JobPortal_JPNS_Combined\JobPortal\JobPortal.csproj]
C:\Users\Lokesh\Downloads\JobPortal_JPNS_Fixed (3)\JobPortal_JPNS_Fixed\JobPortal_JPNS_Fixed\JobPortal_JPNS_Combined\JobPortal_JPNS_Combined\JobPortal\Features\JobPosting\Repository\JobRepository.cs(9,34): error CS0738: 'JobRepository' does not implement interface member 'IRepository<JobListing>.GetAllAsync()'. 'JobRepository.GetAllAsync()' cannot implement 'IRepository<JobListing>.GetAllAsync()' because it does not have the matching return type of 'Task<IEnumerable<JobListing>>'. [C:\Users\Lokesh\Downloads\JobPortal_JPNS_Fixed (3)\JobPortal_JPNS_Fixed\JobPortal_JPNS_Fixed\JobPortal_JPNS_Combined\JobPortal_JPNS_Combined\JobPortal\JobPortal.csproj]
C:\Users\Lokesh\Downloads\JobPortal_JPNS_Fixed (3)\JobPortal_JPNS_Fixed\JobPortal_JPNS_Fixed\JobPortal_JPNS_Combined\JobPortal_JPNS_Combined\JobPortal\Features\JobPosting\Repository\JobRepository.cs(9,34): error CS0535: 'JobRepository' does not implement interface member 'IRepository<JobListing>.InsertAsync(JobListing)' [C:\Users\Lokesh\Downloads\JobPortal_JPNS_Fixed (3)\JobPortal_JPNS_Fixed\JobPortal_JPNS_Fixed\JobPortal_JPNS_Combined\JobPortal_JPNS_Combined\JobPortal\JobPortal.csproj]
C:\Users\Lokesh\Downloads\JobPortal_JPNS_Fixed (3)\JobPortal_JPNS_Fixed\JobPortal_JPNS_Fixed\JobPortal_JPNS_Combined\JobPortal_JPNS_Combined\JobPortal\Features\JobPosting\Repository\JobRepository.cs(9,34): error CS0535: 'JobRepository' does not implement interface member 'IRepository<JobListing>.UpdateAsync(JobListing)' [C:\Users\Lokesh\Downloads\JobPortal_JPNS_Fixed (3)\JobPortal_JPNS_Fixed\JobPortal_JPNS_Fixed\JobPortal_JPNS_Combined\JobPortal_JPNS_Combined\JobPortal\JobPortal.csproj]
C:\Users\Lokesh\Downloads\JobPortal_JPNS_Fixed (3)\JobPortal_JPNS_Fixed\JobPortal_JPNS_Fixed\JobPortal_JPNS_Combined\JobPortal_JPNS_Combined\JobPortal\Shared\UtilityClass\JobListing.cs(97,22): error CS0053: Inconsistent accessibility: property type 'JobStatus' is less accessible than property 'JobListing.Status' [C:\Users\Lokesh\Downloads\JobPortal_JPNS_Fixed (3)\JobPortal_JPNS_Fixed\JobPortal_JPNS_Fixed\JobPortal_JPNS_Combined\JobPortal_JPNS_Combined\JobPortal\JobPortal.csproj]
C:\Users\Lokesh\Downloads\JobPortal_JPNS_Fixed (3)\JobPortal_JPNS_Fixed\JobPortal_JPNS_Fixed\JobPortal_JPNS_Combined\JobPortal_JPNS_Combined\JobPortal\Features\User\Admin\Interface\IAdminRepository.cs(9,11): error CS8955: Source file can not contain both file-scoped and normal namespace declarations. [C:\Users\Lokesh\Downloads\JobPortal_JPNS_Fixed (3)\JobPortal_JPNS_Fixed\JobPortal_JPNS_Fixed\JobPortal_JPNS_Combined\JobPortal_JPNS_Combined\JobPortal\JobPortal.csproj]
C:\Users\Lokesh\Downloads\JobPortal_JPNS_Fixed (3)\JobPortal_JPNS_Fixed\JobPortal_JPNS_Fixed\JobPortal_JPNS_Combined\JobPortal_JPNS_Combined\JobPortal\Features\User\Admin\Repository\AdminRepository.cs(15,11): error CS8955: Source file can not contain both file-scoped and normal namespace declarations. [C:\Users\Lokesh\Downloads\JobPortal_JPNS_Fixed (3)\JobPortal_JPNS_Fixed\JobPortal_JPNS_Fixed\JobPortal_JPNS_Combined\JobPortal_JPNS_Combined\JobPortal\JobPortal.csproj]
C:\Users\Lokesh\Downloads\JobPortal_JPNS_Fixed (3)\JobPortal_JPNS_Fixed\JobPortal_JPNS_Fixed\JobPortal_JPNS_Combined\JobPortal_JPNS_Combined\JobPortal\Shared\UtilityClass\JobListing.cs(61,24): error CS0053: Inconsistent accessibility: property type 'SalaryRange' is less accessible than property 'JobListing.SalaryRange' [C:\Users\Lokesh\Downloads\JobPortal_JPNS_Fixed (3)\JobPortal_JPNS_Fixed\JobPortal_JPNS_Fixed\JobPortal_JPNS_Combined\JobPortal_JPNS_Combined\JobPortal\JobPortal.csproj]
C:\Users\Lokesh\Downloads\JobPortal_JPNS_Fixed (3)\JobPortal_JPNS_Fixed\JobPortal_JPNS_Fixed\JobPortal_JPNS_Combined\JobPortal_JPNS_Combined\JobPortal\Shared\UtilityClass\JobListing.cs(201,17): error CS0051: Inconsistent accessibility: parameter type 'SalaryRange' is less accessible than method 'JobListing.UpdateSalaryRange(SalaryRange)' [C:\Users\Lokesh\Downloads\JobPortal_JPNS_Fixed (3)\JobPortal_JPNS_Fixed\JobPortal_JPNS_Fixed\JobPortal_JPNS_Combined\JobPortal_JPNS_Combined\JobPortal\JobPortal.csproj]
C:\Users\Lokesh\Downloads\JobPortal_JPNS_Fixed (3)\JobPortal_JPNS_Fixed\JobPortal_JPNS_Fixed\JobPortal_JPNS_Combined\JobPortal_JPNS_Combined\JobPortal\Features\User\Admin\Interface\IAdminRepository.cs(13,14): error CS0246: The type or namespace name 'CompanyProfile' could not be found (are you missing a using directive or an assembly reference?) [C:\Users\Lokesh\Downloads\JobPortal_JPNS_Fixed (3)\JobPortal_JPNS_Fixed\JobPortal_JPNS_Fixed\JobPortal_JPNS_Combined\JobPortal_JPNS_Combined\JobPortal\JobPortal.csproj]
C:\Users\Lokesh\Downloads\JobPortal_JPNS_Fixed (3)\JobPortal_JPNS_Fixed\JobPortal_JPNS_Fixed\JobPortal_JPNS_Combined\JobPortal_JPNS_Combined\JobPortal\Features\User\Admin\Interface\IAdminRepository.cs(14,26): error CS0246: The type or namespace name 'CompanyProfile' could not be found (are you missing a using directive or an assembly reference?) [C:\Users\Lokesh\Downloads\JobPortal_JPNS_Fixed (3)\JobPortal_JPNS_Fixed\JobPortal_JPNS_Fixed\JobPortal_JPNS_Combined\JobPortal_JPNS_Combined\JobPortal\JobPortal.csproj]
C:\Users\Lokesh\Downloads\JobPortal_JPNS_Fixed (3)\JobPortal_JPNS_Fixed\JobPortal_JPNS_Fixed\JobPortal_JPNS_Combined\JobPortal_JPNS_Combined\JobPortal\Features\User\Admin\Interface\IAdminRepository.cs(15,26): error CS0246: The type or namespace name 'CompanyProfile' could not be found (are you missing a using directive or an assembly reference?) [C:\Users\Lokesh\Downloads\JobPortal_JPNS_Fixed (3)\JobPortal_JPNS_Fixed\JobPortal_JPNS_Fixed\JobPortal_JPNS_Combined\JobPortal_JPNS_Combined\JobPortal\JobPortal.csproj]
C:\Users\Lokesh\Downloads\JobPortal_JPNS_Fixed (3)\JobPortal_JPNS_Fixed\JobPortal_JPNS_Fixed\JobPortal_JPNS_Combined\JobPortal_JPNS_Combined\JobPortal\Features\User\Admin\Interface\IAdminRepository.cs(16,38): error CS0246: The type or namespace name 'CompanyProfile' could not be found (are you missing a using directive or an assembly reference?) [C:\Users\Lokesh\Downloads\JobPortal_JPNS_Fixed (3)\JobPortal_JPNS_Fixed\JobPortal_JPNS_Fixed\JobPortal_JPNS_Combined\JobPortal_JPNS_Combined\JobPortal\JobPortal.csproj]
C:\Users\Lokesh\Downloads\JobPortal_JPNS_Fixed (3)\JobPortal_JPNS_Fixed\JobPortal_JPNS_Fixed\JobPortal_JPNS_Combined\JobPortal_JPNS_Combined\JobPortal\Features\User\Admin\Interface\IAdminRepository.cs(17,39): error CS0246: The type or namespace name 'CompanyProfile' could not be found (are you missing a using directive or an assembly reference?) [C:\Users\Lokesh\Downloads\JobPortal_JPNS_Fixed (3)\JobPortal_JPNS_Fixed\JobPortal_JPNS_Fixed\JobPortal_JPNS_Combined\JobPortal_JPNS_Combined\JobPortal\JobPortal.csproj]
C:\Users\Lokesh\Downloads\JobPortal_JPNS_Fixed (3)\JobPortal_JPNS_Fixed\JobPortal_JPNS_Fixed\JobPortal_JPNS_Combined\JobPortal_JPNS_Combined\JobPortal\Features\User\Admin\Repository\AdminRepository.cs(17,36): error CS0246: The type or namespace name 'IAdminRepository' could not be found (are you missing a using directive or an assembly reference?) [C:\Users\Lokesh\Downloads\JobPortal_JPNS_Fixed (3)\JobPortal_JPNS_Fixed\JobPortal_JPNS_Fixed\JobPortal_JPNS_Combined\JobPortal_JPNS_Combined\JobPortal\JobPortal.csproj]
C:\Users\Lokesh\Downloads\JobPortal_JPNS_Fixed (3)\JobPortal_JPNS_Fixed\JobPortal_JPNS_Fixed\JobPortal_JPNS_Combined\JobPortal_JPNS_Combined\JobPortal\Features\User\Admin\Interface\IAdminRepository.cs(23,26): error CS0118: 'Application' is a namespace but is used like a type [C:\Users\Lokesh\Downloads\JobPortal_JPNS_Fixed (3)\JobPortal_JPNS_Fixed\JobPortal_JPNS_Fixed\JobPortal_JPNS_Combined\JobPortal_JPNS_Combined\JobPortal\JobPortal.csproj]
C:\Users\Lokesh\Downloads\JobPortal_JPNS_Fixed (3)\JobPortal_JPNS_Fixed\JobPortal_JPNS_Fixed\JobPortal_JPNS_Combined\JobPortal_JPNS_Combined\JobPortal\Features\User\Admin\Interface\IAdminRepository.cs(29,26): error CS0118: 'Interview' is a namespace but is used like a type [C:\Users\Lokesh\Downloads\JobPortal_JPNS_Fixed (3)\JobPortal_JPNS_Fixed\JobPortal_JPNS_Fixed\JobPortal_JPNS_Combined\JobPortal_JPNS_Combined\JobPortal\JobPortal.csproj]
C:\Users\Lokesh\Downloads\JobPortal_JPNS_Fixed (3)\JobPortal_JPNS_Fixed\JobPortal_JPNS_Fixed\JobPortal_JPNS_Combined\JobPortal_JPNS_Combined\JobPortal\Features\User\Admin\Interface\IAdminRepository.cs(35,41): error CS0050: Inconsistent accessibility: return type 'Task<IEnumerable<Notification>>' is less accessible than method 'IAdminRepository.GetNotificationsAsync(int, bool)' [C:\Users\Lokesh\Downloads\JobPortal_JPNS_Fixed (3)\JobPortal_JPNS_Fixed\JobPortal_JPNS_Fixed\JobPortal_JPNS_Combined\JobPortal_JPNS_Combined\JobPortal\JobPortal.csproj]
C:\Users\Lokesh\Downloads\JobPortal_JPNS_Fixed (3)\JobPortal_JPNS_Fixed\JobPortal_JPNS_Fixed\JobPortal_JPNS_Combined\JobPortal_JPNS_Combined\JobPortal\Features\User\Admin\Repository\AdminRepository.cs(180,39): error CS0118: 'Application' is a namespace but is used like a type [C:\Users\Lokesh\Downloads\JobPortal_JPNS_Fixed (3)\JobPortal_JPNS_Fixed\JobPortal_JPNS_Fixed\JobPortal_JPNS_Combined\JobPortal_JPNS_Combined\JobPortal\JobPortal.csproj]
C:\Users\Lokesh\Downloads\JobPortal_JPNS_Fixed (3)\JobPortal_JPNS_Fixed\JobPortal_JPNS_Fixed\JobPortal_JPNS_Combined\JobPortal_JPNS_Combined\JobPortal\Features\User\Admin\Repository\AdminRepository.cs(249,39): error CS0118: 'Interview' is a namespace but is used like a type [C:\Users\Lokesh\Downloads\JobPortal_JPNS_Fixed (3)\JobPortal_JPNS_Fixed\JobPortal_JPNS_Fixed\JobPortal_JPNS_Combined\JobPortal_JPNS_Combined\JobPortal\JobPortal.csproj]
C:\Users\Lokesh\Downloads\JobPortal_JPNS_Fixed (3)\JobPortal_JPNS_Fixed\JobPortal_JPNS_Fixed\JobPortal_JPNS_Combined\JobPortal_JPNS_Combined\JobPortal\Features\User\Admin\Repository\AdminRepository.cs(326,54): error CS0050: Inconsistent accessibility: return type 'Task<IEnumerable<Notification>>' is less accessible than method 'AdminRepository.GetNotificationsAsync(int, bool)' [C:\Users\Lokesh\Downloads\JobPortal_JPNS_Fixed (3)\JobPortal_JPNS_Fixed\JobPortal_JPNS_Fixed\JobPortal_JPNS_Combined\JobPortal_JPNS_Combined\JobPortal\JobPortal.csproj]
C:\Users\Lokesh\Downloads\JobPortal_JPNS_Fixed (3)\JobPortal_JPNS_Fixed\JobPortal_JPNS_Fixed\JobPortal_JPNS_Combined\JobPortal_JPNS_Combined\JobPortal\Shared\UtilityClass\JobListing.cs(119,12): error CS0051: Inconsistent accessibility: parameter type 'SalaryRange' is less accessible than method 'JobListing.JobListing(string, string, string, string, string, SalaryRange, int, List<string>, DateTime)' [C:\Users\Lokesh\Downloads\JobPortal_JPNS_Fixed (3)\JobPortal_JPNS_Fixed\JobPortal_JPNS_Fixed\JobPortal_JPNS_Combined\JobPortal_JPNS_Combined\JobPortal\JobPortal.csproj]

Build FAILED.

C:\Users\Lokesh\Downloads\JobPortal_JPNS_Fixed (3)\JobPortal_JPNS_Fixed\JobPortal_JPNS_Fixed\JobPortal_JPNS_Combined\JobPortal_JPNS_Combined\JobPortal\JobPortal.csproj : warning NU1510: PackageReference System.Text.Json will not be pruned. Consider removing this package from your dependencies, as it is likely unnecessary.
C:\Users\Lokesh\Downloads\JobPortal_JPNS_Fixed (3)\JobPortal_JPNS_Fixed\JobPortal_JPNS_Fixed\JobPortal_JPNS_Combined\JobPortal_JPNS_Combined\JobPortal\JobPortal.csproj : warning NU1510: PackageReference System.Text.Json will not be pruned. Consider removing this package from your dependencies, as it is likely unnecessary.
C:\Users\Lokesh\Downloads\JobPortal_JPNS_Fixed (3)\JobPortal_JPNS_Fixed\JobPortal_JPNS_Fixed\JobPortal_JPNS_Combined\JobPortal_JPNS_Combined\JobPortal\Shared\UtilityClass\JobListing.cs(7,16): error CS0101: The namespace 'JobPortal.Features.JobPosting' already contains a definition for 'JobListing' [C:\Users\Lokesh\Downloads\JobPortal_JPNS_Fixed (3)\JobPortal_JPNS_Fixed\JobPortal_JPNS_Fixed\JobPortal_JPNS_Combined\JobPortal_JPNS_Combined\JobPortal\JobPortal.csproj]
C:\Users\Lokesh\Downloads\JobPortal_JPNS_Fixed (3)\JobPortal_JPNS_Fixed\JobPortal_JPNS_Fixed\JobPortal_JPNS_Combined\JobPortal_JPNS_Combined\JobPortal\Features\User\Candidate\Repository\JobSeekerRepository.cs(556,39): error CS0246: The type or namespace name 'CandidateSkill' could not be found (are you missing a using directive or an assembly reference?) [C:\Users\Lokesh\Downloads\JobPortal_JPNS_Fixed (3)\JobPortal_JPNS_Fixed\JobPortal_JPNS_Fixed\JobPortal_JPNS_Combined\JobPortal_JPNS_Combined\JobPortal\JobPortal.csproj]
C:\Users\Lokesh\Downloads\JobPortal_JPNS_Fixed (3)\JobPortal_JPNS_Fixed\JobPortal_JPNS_Fixed\JobPortal_JPNS_Combined\JobPortal_JPNS_Combined\JobPortal\Features\JobPosting\Repository\JobRepository.cs(19,27): error CS0246: The type or namespace name 'JobListing' could not be found (are you missing a using directive or an assembly reference?) [C:\Users\Lokesh\Downloads\JobPortal_JPNS_Fixed (3)\JobPortal_JPNS_Fixed\JobPortal_JPNS_Fixed\JobPortal_JPNS_Combined\JobPortal_JPNS_Combined\JobPortal\JobPortal.csproj]
C:\Users\Lokesh\Downloads\JobPortal_JPNS_Fixed (3)\JobPortal_JPNS_Fixed\JobPortal_JPNS_Fixed\JobPortal_JPNS_Combined\JobPortal_JPNS_Combined\JobPortal\Features\JobPosting\Repository\JobRepository.cs(41,39): error CS0246: The type or namespace name 'JobListing' could not be found (are you missing a using directive or an assembly reference?) [C:\Users\Lokesh\Downloads\JobPortal_JPNS_Fixed (3)\JobPortal_JPNS_Fixed\JobPortal_JPNS_Fixed\JobPortal_JPNS_Combined\JobPortal_JPNS_Combined\JobPortal\JobPortal.csproj]
C:\Users\Lokesh\Downloads\JobPortal_JPNS_Fixed (3)\JobPortal_JPNS_Fixed\JobPortal_JPNS_Fixed\JobPortal_JPNS_Combined\JobPortal_JPNS_Combined\JobPortal\Features\User\Candidate\Repository\JobSeekerRepository.cs(670,27): error CS0246: The type or namespace name 'Application' could not be found (are you missing a using directive or an assembly reference?) [C:\Users\Lokesh\Downloads\JobPortal_JPNS_Fixed (3)\JobPortal_JPNS_Fixed\JobPortal_JPNS_Fixed\JobPortal_JPNS_Combined\JobPortal_JPNS_Combined\JobPortal\JobPortal.csproj]
C:\Users\Lokesh\Downloads\JobPortal_JPNS_Fixed (3)\JobPortal_JPNS_Fixed\JobPortal_JPNS_Fixed\JobPortal_JPNS_Combined\JobPortal_JPNS_Combined\JobPortal\Features\JobPosting\Repository\JobRepository.cs(63,44): error CS0246: The type or namespace name 'JobListing' could not be found (are you missing a using directive or an assembly reference?) [C:\Users\Lokesh\Downloads\JobPortal_JPNS_Fixed (3)\JobPortal_JPNS_Fixed\JobPortal_JPNS_Fixed\JobPortal_JPNS_Combined\JobPortal_JPNS_Combined\JobPortal\JobPortal.csproj]
C:\Users\Lokesh\Downloads\JobPortal_JPNS_Fixed (3)\JobPortal_JPNS_Fixed\JobPortal_JPNS_Fixed\JobPortal_JPNS_Combined\JobPortal_JPNS_Combined\JobPortal\Features\User\Candidate\Repository\JobSeekerRepository.cs(692,39): error CS0246: The type or namespace name 'Application' could not be found (are you missing a using directive or an assembly reference?) [C:\Users\Lokesh\Downloads\JobPortal_JPNS_Fixed (3)\JobPortal_JPNS_Fixed\JobPortal_JPNS_Fixed\JobPortal_JPNS_Combined\JobPortal_JPNS_Combined\JobPortal\JobPortal.csproj]
C:\Users\Lokesh\Downloads\JobPortal_JPNS_Fixed (3)\JobPortal_JPNS_Fixed\JobPortal_JPNS_Fixed\JobPortal_JPNS_Combined\JobPortal_JPNS_Combined\JobPortal\Features\JobPosting\Repository\JobRepository.cs(72,45): error CS0246: The type or namespace name 'JobListing' could not be found (are you missing a using directive or an assembly reference?) [C:\Users\Lokesh\Downloads\JobPortal_JPNS_Fixed (3)\JobPortal_JPNS_Fixed\JobPortal_JPNS_Fixed\JobPortal_JPNS_Combined\JobPortal_JPNS_Combined\JobPortal\JobPortal.csproj]
C:\Users\Lokesh\Downloads\JobPortal_JPNS_Fixed (3)\JobPortal_JPNS_Fixed\JobPortal_JPNS_Fixed\JobPortal_JPNS_Combined\JobPortal_JPNS_Combined\JobPortal\Features\JobPosting\Repository\JobRepository.cs(151,39): error CS0246: The type or namespace name 'JobListing' could not be found (are you missing a using directive or an assembly reference?) [C:\Users\Lokesh\Downloads\JobPortal_JPNS_Fixed (3)\JobPortal_JPNS_Fixed\JobPortal_JPNS_Fixed\JobPortal_JPNS_Combined\JobPortal_JPNS_Combined\JobPortal\JobPortal.csproj]
C:\Users\Lokesh\Downloads\JobPortal_JPNS_Fixed (3)\JobPortal_JPNS_Fixed\JobPortal_JPNS_Fixed\JobPortal_JPNS_Combined\JobPortal_JPNS_Combined\JobPortal\Features\User\Candidate\Repository\JobSeekerRepository.cs(824,24): error CS0246: The type or namespace name 'Application' could not be found (are you missing a using directive or an assembly reference?) [C:\Users\Lokesh\Downloads\JobPortal_JPNS_Fixed (3)\JobPortal_JPNS_Fixed\JobPortal_JPNS_Fixed\JobPortal_JPNS_Combined\JobPortal_JPNS_Combined\JobPortal\JobPortal.csproj]
C:\Users\Lokesh\Downloads\JobPortal_JPNS_Fixed (3)\JobPortal_JPNS_Fixed\JobPortal_JPNS_Fixed\JobPortal_JPNS_Combined\JobPortal_JPNS_Combined\JobPortal\Features\JobPosting\Repository\JobRepository.cs(190,39): error CS0246: The type or namespace name 'JobListing' could not be found (are you missing a using directive or an assembly reference?) [C:\Users\Lokesh\Downloads\JobPortal_JPNS_Fixed (3)\JobPortal_JPNS_Fixed\JobPortal_JPNS_Fixed\JobPortal_JPNS_Combined\JobPortal_JPNS_Combined\JobPortal\JobPortal.csproj]
C:\Users\Lokesh\Downloads\JobPortal_JPNS_Fixed (3)\JobPortal_JPNS_Fixed\JobPortal_JPNS_Fixed\JobPortal_JPNS_Combined\JobPortal_JPNS_Combined\JobPortal\Features\JobPosting\Repository\JobRepository.cs(222,39): error CS0246: The type or namespace name 'JobListing' could not be found (are you missing a using directive or an assembly reference?) [C:\Users\Lokesh\Downloads\JobPortal_JPNS_Fixed (3)\JobPortal_JPNS_Fixed\JobPortal_JPNS_Fixed\JobPortal_JPNS_Combined\JobPortal_JPNS_Combined\JobPortal\JobPortal.csproj]
C:\Users\Lokesh\Downloads\JobPortal_JPNS_Fixed (3)\JobPortal_JPNS_Fixed\JobPortal_JPNS_Fixed\JobPortal_JPNS_Combined\JobPortal_JPNS_Combined\JobPortal\Features\JobPosting\Repository\JobRepository.cs(247,39): error CS0246: The type or namespace name 'JobListing' could not be found (are you missing a using directive or an assembly reference?) [C:\Users\Lokesh\Downloads\JobPortal_JPNS_Fixed (3)\JobPortal_JPNS_Fixed\JobPortal_JPNS_Fixed\JobPortal_JPNS_Combined\JobPortal_JPNS_Combined\JobPortal\JobPortal.csproj]
C:\Users\Lokesh\Downloads\JobPortal_JPNS_Fixed (3)\JobPortal_JPNS_Fixed\JobPortal_JPNS_Fixed\JobPortal_JPNS_Combined\JobPortal_JPNS_Combined\JobPortal\Features\JobPosting\Repository\JobRepository.cs(302,39): error CS0246: The type or namespace name 'JobSkill' could not be found (are you missing a using directive or an assembly reference?) [C:\Users\Lokesh\Downloads\JobPortal_JPNS_Fixed (3)\JobPortal_JPNS_Fixed\JobPortal_JPNS_Fixed\JobPortal_JPNS_Combined\JobPortal_JPNS_Combined\JobPortal\JobPortal.csproj]
C:\Users\Lokesh\Downloads\JobPortal_JPNS_Fixed (3)\JobPortal_JPNS_Fixed\JobPortal_JPNS_Fixed\JobPortal_JPNS_Combined\JobPortal_JPNS_Combined\JobPortal\Features\JobPosting\Repository\JobRepository.cs(360,39): error CS0246: The type or namespace name 'SavedJob' could not be found (are you missing a using directive or an assembly reference?) [C:\Users\Lokesh\Downloads\JobPortal_JPNS_Fixed (3)\JobPortal_JPNS_Fixed\JobPortal_JPNS_Fixed\JobPortal_JPNS_Combined\JobPortal_JPNS_Combined\JobPortal\JobPortal.csproj]
C:\Users\Lokesh\Downloads\JobPortal_JPNS_Fixed (3)\JobPortal_JPNS_Fixed\JobPortal_JPNS_Fixed\JobPortal_JPNS_Combined\JobPortal_JPNS_Combined\JobPortal\Features\JobPosting\Repository\JobRepository.cs(409,24): error CS0246: The type or namespace name 'JobListing' could not be found (are you missing a using directive or an assembly reference?) [C:\Users\Lokesh\Downloads\JobPortal_JPNS_Fixed (3)\JobPortal_JPNS_Fixed\JobPortal_JPNS_Fixed\JobPortal_JPNS_Combined\JobPortal_JPNS_Combined\JobPortal\JobPortal.csproj]
C:\Users\Lokesh\Downloads\JobPortal_JPNS_Fixed (3)\JobPortal_JPNS_Fixed\JobPortal_JPNS_Fixed\JobPortal_JPNS_Combined\JobPortal_JPNS_Combined\JobPortal\Features\User\Candidate\Interface\IJobSeekerRepository.cs(42,26): error CS0246: The type or namespace name 'CandidateSkill' could not be found (are you missing a using directive or an assembly reference?) [C:\Users\Lokesh\Downloads\JobPortal_JPNS_Fixed (3)\JobPortal_JPNS_Fixed\JobPortal_JPNS_Fixed\JobPortal_JPNS_Combined\JobPortal_JPNS_Combined\JobPortal\JobPortal.csproj]
C:\Users\Lokesh\Downloads\JobPortal_JPNS_Fixed (3)\JobPortal_JPNS_Fixed\JobPortal_JPNS_Fixed\JobPortal_JPNS_Combined\JobPortal_JPNS_Combined\JobPortal\Features\User\Candidate\Interface\IJobSeekerRepository.cs(49,14): error CS0246: The type or namespace name 'Application' could not be found (are you missing a using directive or an assembly reference?) [C:\Users\Lokesh\Downloads\JobPortal_JPNS_Fixed (3)\JobPortal_JPNS_Fixed\JobPortal_JPNS_Fixed\JobPortal_JPNS_Combined\JobPortal_JPNS_Combined\JobPortal\JobPortal.csproj]
C:\Users\Lokesh\Downloads\JobPortal_JPNS_Fixed (3)\JobPortal_JPNS_Fixed\JobPortal_JPNS_Fixed\JobPortal_JPNS_Combined\JobPortal_JPNS_Combined\JobPortal\Features\User\Candidate\Interface\IJobSeekerRepository.cs(50,26): error CS0246: The type or namespace name 'Application' could not be found (are you missing a using directive or an assembly reference?) [C:\Users\Lokesh\Downloads\JobPortal_JPNS_Fixed (3)\JobPortal_JPNS_Fixed\JobPortal_JPNS_Fixed\JobPortal_JPNS_Combined\JobPortal_JPNS_Combined\JobPortal\JobPortal.csproj]
C:\Users\Lokesh\Downloads\JobPortal_JPNS_Fixed (3)\JobPortal_JPNS_Fixed\JobPortal_JPNS_Fixed\JobPortal_JPNS_Combined\JobPortal_JPNS_Combined\JobPortal\Features\JobPosting\Repository\JobRepository.cs(9,34): error CS0738: 'JobRepository' does not implement interface member 'IJobRepository.SearchJobsAsync(string?, decimal?, decimal?)'. 'JobRepository.SearchJobsAsync(string?, decimal?, decimal?)' cannot implement 'IJobRepository.SearchJobsAsync(string?, decimal?, decimal?)' because it does not have the matching return type of 'Task<IEnumerable<JobListing>>'. [C:\Users\Lokesh\Downloads\JobPortal_JPNS_Fixed (3)\JobPortal_JPNS_Fixed\JobPortal_JPNS_Fixed\JobPortal_JPNS_Combined\JobPortal_JPNS_Combined\JobPortal\JobPortal.csproj]
C:\Users\Lokesh\Downloads\JobPortal_JPNS_Fixed (3)\JobPortal_JPNS_Fixed\JobPortal_JPNS_Fixed\JobPortal_JPNS_Combined\JobPortal_JPNS_Combined\JobPortal\Features\JobPosting\Repository\JobRepository.cs(9,34): error CS0738: 'JobRepository' does not implement interface member 'IJobRepository.GetPendingJobsAsync()'. 'JobRepository.GetPendingJobsAsync()' cannot implement 'IJobRepository.GetPendingJobsAsync()' because it does not have the matching return type of 'Task<IEnumerable<JobListing>>'. [C:\Users\Lokesh\Downloads\JobPortal_JPNS_Fixed (3)\JobPortal_JPNS_Fixed\JobPortal_JPNS_Fixed\JobPortal_JPNS_Combined\JobPortal_JPNS_Combined\JobPortal\JobPortal.csproj]
C:\Users\Lokesh\Downloads\JobPortal_JPNS_Fixed (3)\JobPortal_JPNS_Fixed\JobPortal_JPNS_Fixed\JobPortal_JPNS_Combined\JobPortal_JPNS_Combined\JobPortal\Features\JobPosting\Repository\JobRepository.cs(9,34): error CS0738: 'JobRepository' does not implement interface member 'IJobRepository.GetByCompanyAsync(int)'. 'JobRepository.GetByCompanyAsync(int)' cannot implement 'IJobRepository.GetByCompanyAsync(int)' because it does not have the matching return type of 'Task<IEnumerable<JobListing>>'. [C:\Users\Lokesh\Downloads\JobPortal_JPNS_Fixed (3)\JobPortal_JPNS_Fixed\JobPortal_JPNS_Fixed\JobPortal_JPNS_Combined\JobPortal_JPNS_Combined\JobPortal\JobPortal.csproj]
C:\Users\Lokesh\Downloads\JobPortal_JPNS_Fixed (3)\JobPortal_JPNS_Fixed\JobPortal_JPNS_Fixed\JobPortal_JPNS_Combined\JobPortal_JPNS_Combined\JobPortal\Features\JobPosting\Repository\JobRepository.cs(9,34): error CS0738: 'JobRepository' does not implement interface member 'IJobRepository.GetByStatusAsync(string)'. 'JobRepository.GetByStatusAsync(string)' cannot implement 'IJobRepository.GetByStatusAsync(string)' because it does not have the matching return type of 'Task<IEnumerable<JobListing>>'. [C:\Users\Lokesh\Downloads\JobPortal_JPNS_Fixed (3)\JobPortal_JPNS_Fixed\JobPortal_JPNS_Fixed\JobPortal_JPNS_Combined\JobPortal_JPNS_Combined\JobPortal\JobPortal.csproj]
C:\Users\Lokesh\Downloads\JobPortal_JPNS_Fixed (3)\JobPortal_JPNS_Fixed\JobPortal_JPNS_Fixed\JobPortal_JPNS_Combined\JobPortal_JPNS_Combined\JobPortal\Features\JobPosting\Repository\JobRepository.cs(9,34): error CS0738: 'JobRepository' does not implement interface member 'IJobRepository.GetJobSkillsAsync(int)'. 'JobRepository.GetJobSkillsAsync(int)' cannot implement 'IJobRepository.GetJobSkillsAsync(int)' because it does not have the matching return type of 'Task<IEnumerable<JobSkill>>'. [C:\Users\Lokesh\Downloads\JobPortal_JPNS_Fixed (3)\JobPortal_JPNS_Fixed\JobPortal_JPNS_Fixed\JobPortal_JPNS_Combined\JobPortal_JPNS_Combined\JobPortal\JobPortal.csproj]
C:\Users\Lokesh\Downloads\JobPortal_JPNS_Fixed (3)\JobPortal_JPNS_Fixed\JobPortal_JPNS_Fixed\JobPortal_JPNS_Combined\JobPortal_JPNS_Combined\JobPortal\Features\JobPosting\Repository\JobRepository.cs(9,34): error CS0738: 'JobRepository' does not implement interface member 'IJobRepository.GetSavedJobsByUserAsync(int)'. 'JobRepository.GetSavedJobsByUserAsync(int)' cannot implement 'IJobRepository.GetSavedJobsByUserAsync(int)' because it does not have the matching return type of 'Task<IEnumerable<SavedJob>>'. [C:\Users\Lokesh\Downloads\JobPortal_JPNS_Fixed (3)\JobPortal_JPNS_Fixed\JobPortal_JPNS_Fixed\JobPortal_JPNS_Combined\JobPortal_JPNS_Combined\JobPortal\JobPortal.csproj]
C:\Users\Lokesh\Downloads\JobPortal_JPNS_Fixed (3)\JobPortal_JPNS_Fixed\JobPortal_JPNS_Fixed\JobPortal_JPNS_Combined\JobPortal_JPNS_Combined\JobPortal\Features\JobPosting\Repository\JobRepository.cs(9,34): error CS0738: 'JobRepository' does not implement interface member 'IRepository<JobListing>.GetByIdAsync(int)'. 'JobRepository.GetByIdAsync(int)' cannot implement 'IRepository<JobListing>.GetByIdAsync(int)' because it does not have the matching return type of 'Task<JobListing?>'. [C:\Users\Lokesh\Downloads\JobPortal_JPNS_Fixed (3)\JobPortal_JPNS_Fixed\JobPortal_JPNS_Fixed\JobPortal_JPNS_Combined\JobPortal_JPNS_Combined\JobPortal\JobPortal.csproj]
C:\Users\Lokesh\Downloads\JobPortal_JPNS_Fixed (3)\JobPortal_JPNS_Fixed\JobPortal_JPNS_Fixed\JobPortal_JPNS_Combined\JobPortal_JPNS_Combined\JobPortal\Features\JobPosting\Repository\JobRepository.cs(9,34): error CS0738: 'JobRepository' does not implement interface member 'IRepository<JobListing>.GetAllAsync()'. 'JobRepository.GetAllAsync()' cannot implement 'IRepository<JobListing>.GetAllAsync()' because it does not have the matching return type of 'Task<IEnumerable<JobListing>>'. [C:\Users\Lokesh\Downloads\JobPortal_JPNS_Fixed (3)\JobPortal_JPNS_Fixed\JobPortal_JPNS_Fixed\JobPortal_JPNS_Combined\JobPortal_JPNS_Combined\JobPortal\JobPortal.csproj]
C:\Users\Lokesh\Downloads\JobPortal_JPNS_Fixed (3)\JobPortal_JPNS_Fixed\JobPortal_JPNS_Fixed\JobPortal_JPNS_Combined\JobPortal_JPNS_Combined\JobPortal\Features\JobPosting\Repository\JobRepository.cs(9,34): error CS0535: 'JobRepository' does not implement interface member 'IRepository<JobListing>.InsertAsync(JobListing)' [C:\Users\Lokesh\Downloads\JobPortal_JPNS_Fixed (3)\JobPortal_JPNS_Fixed\JobPortal_JPNS_Fixed\JobPortal_JPNS_Combined\JobPortal_JPNS_Combined\JobPortal\JobPortal.csproj]
C:\Users\Lokesh\Downloads\JobPortal_JPNS_Fixed (3)\JobPortal_JPNS_Fixed\JobPortal_JPNS_Fixed\JobPortal_JPNS_Combined\JobPortal_JPNS_Combined\JobPortal\Features\JobPosting\Repository\JobRepository.cs(9,34): error CS0535: 'JobRepository' does not implement interface member 'IRepository<JobListing>.UpdateAsync(JobListing)' [C:\Users\Lokesh\Downloads\JobPortal_JPNS_Fixed (3)\JobPortal_JPNS_Fixed\JobPortal_JPNS_Fixed\JobPortal_JPNS_Combined\JobPortal_JPNS_Combined\JobPortal\JobPortal.csproj]
C:\Users\Lokesh\Downloads\JobPortal_JPNS_Fixed (3)\JobPortal_JPNS_Fixed\JobPortal_JPNS_Fixed\JobPortal_JPNS_Combined\JobPortal_JPNS_Combined\JobPortal\Shared\UtilityClass\JobListing.cs(97,22): error CS0053: Inconsistent accessibility: property type 'JobStatus' is less accessible than property 'JobListing.Status' [C:\Users\Lokesh\Downloads\JobPortal_JPNS_Fixed (3)\JobPortal_JPNS_Fixed\JobPortal_JPNS_Fixed\JobPortal_JPNS_Combined\JobPortal_JPNS_Combined\JobPortal\JobPortal.csproj]
C:\Users\Lokesh\Downloads\JobPortal_JPNS_Fixed (3)\JobPortal_JPNS_Fixed\JobPortal_JPNS_Fixed\JobPortal_JPNS_Combined\JobPortal_JPNS_Combined\JobPortal\Features\User\Admin\Interface\IAdminRepository.cs(9,11): error CS8955: Source file can not contain both file-scoped and normal namespace declarations. [C:\Users\Lokesh\Downloads\JobPortal_JPNS_Fixed (3)\JobPortal_JPNS_Fixed\JobPortal_JPNS_Fixed\JobPortal_JPNS_Combined\JobPortal_JPNS_Combined\JobPortal\JobPortal.csproj]
C:\Users\Lokesh\Downloads\JobPortal_JPNS_Fixed (3)\JobPortal_JPNS_Fixed\JobPortal_JPNS_Fixed\JobPortal_JPNS_Combined\JobPortal_JPNS_Combined\JobPortal\Features\User\Admin\Repository\AdminRepository.cs(15,11): error CS8955: Source file can not contain both file-scoped and normal namespace declarations. [C:\Users\Lokesh\Downloads\JobPortal_JPNS_Fixed (3)\JobPortal_JPNS_Fixed\JobPortal_JPNS_Fixed\JobPortal_JPNS_Combined\JobPortal_JPNS_Combined\JobPortal\JobPortal.csproj]
C:\Users\Lokesh\Downloads\JobPortal_JPNS_Fixed (3)\JobPortal_JPNS_Fixed\JobPortal_JPNS_Fixed\JobPortal_JPNS_Combined\JobPortal_JPNS_Combined\JobPortal\Shared\UtilityClass\JobListing.cs(61,24): error CS0053: Inconsistent accessibility: property type 'SalaryRange' is less accessible than property 'JobListing.SalaryRange' [C:\Users\Lokesh\Downloads\JobPortal_JPNS_Fixed (3)\JobPortal_JPNS_Fixed\JobPortal_JPNS_Fixed\JobPortal_JPNS_Combined\JobPortal_JPNS_Combined\JobPortal\JobPortal.csproj]
C:\Users\Lokesh\Downloads\JobPortal_JPNS_Fixed (3)\JobPortal_JPNS_Fixed\JobPortal_JPNS_Fixed\JobPortal_JPNS_Combined\JobPortal_JPNS_Combined\JobPortal\Shared\UtilityClass\JobListing.cs(201,17): error CS0051: Inconsistent accessibility: parameter type 'SalaryRange' is less accessible than method 'JobListing.UpdateSalaryRange(SalaryRange)' [C:\Users\Lokesh\Downloads\JobPortal_JPNS_Fixed (3)\JobPortal_JPNS_Fixed\JobPortal_JPNS_Fixed\JobPortal_JPNS_Combined\JobPortal_JPNS_Combined\JobPortal\JobPortal.csproj]
C:\Users\Lokesh\Downloads\JobPortal_JPNS_Fixed (3)\JobPortal_JPNS_Fixed\JobPortal_JPNS_Fixed\JobPortal_JPNS_Combined\JobPortal_JPNS_Combined\JobPortal\Features\User\Admin\Interface\IAdminRepository.cs(13,14): error CS0246: The type or namespace name 'CompanyProfile' could not be found (are you missing a using directive or an assembly reference?) [C:\Users\Lokesh\Downloads\JobPortal_JPNS_Fixed (3)\JobPortal_JPNS_Fixed\JobPortal_JPNS_Fixed\JobPortal_JPNS_Combined\JobPortal_JPNS_Combined\JobPortal\JobPortal.csproj]
C:\Users\Lokesh\Downloads\JobPortal_JPNS_Fixed (3)\JobPortal_JPNS_Fixed\JobPortal_JPNS_Fixed\JobPortal_JPNS_Combined\JobPortal_JPNS_Combined\JobPortal\Features\User\Admin\Interface\IAdminRepository.cs(14,26): error CS0246: The type or namespace name 'CompanyProfile' could not be found (are you missing a using directive or an assembly reference?) [C:\Users\Lokesh\Downloads\JobPortal_JPNS_Fixed (3)\JobPortal_JPNS_Fixed\JobPortal_JPNS_Fixed\JobPortal_JPNS_Combined\JobPortal_JPNS_Combined\JobPortal\JobPortal.csproj]
C:\Users\Lokesh\Downloads\JobPortal_JPNS_Fixed (3)\JobPortal_JPNS_Fixed\JobPortal_JPNS_Fixed\JobPortal_JPNS_Combined\JobPortal_JPNS_Combined\JobPortal\Features\User\Admin\Interface\IAdminRepository.cs(15,26): error CS0246: The type or namespace name 'CompanyProfile' could not be found (are you missing a using directive or an assembly reference?) [C:\Users\Lokesh\Downloads\JobPortal_JPNS_Fixed (3)\JobPortal_JPNS_Fixed\JobPortal_JPNS_Fixed\JobPortal_JPNS_Combined\JobPortal_JPNS_Combined\JobPortal\JobPortal.csproj]
C:\Users\Lokesh\Downloads\JobPortal_JPNS_Fixed (3)\JobPortal_JPNS_Fixed\JobPortal_JPNS_Fixed\JobPortal_JPNS_Combined\JobPortal_JPNS_Combined\JobPortal\Features\User\Admin\Interface\IAdminRepository.cs(16,38): error CS0246: The type or namespace name 'CompanyProfile' could not be found (are you missing a using directive or an assembly reference?) [C:\Users\Lokesh\Downloads\JobPortal_JPNS_Fixed (3)\JobPortal_JPNS_Fixed\JobPortal_JPNS_Fixed\JobPortal_JPNS_Combined\JobPortal_JPNS_Combined\JobPortal\JobPortal.csproj]
C:\Users\Lokesh\Downloads\JobPortal_JPNS_Fixed (3)\JobPortal_JPNS_Fixed\JobPortal_JPNS_Fixed\JobPortal_JPNS_Combined\JobPortal_JPNS_Combined\JobPortal\Features\User\Admin\Interface\IAdminRepository.cs(17,39): error CS0246: The type or namespace name 'CompanyProfile' could not be found (are you missing a using directive or an assembly reference?) [C:\Users\Lokesh\Downloads\JobPortal_JPNS_Fixed (3)\JobPortal_JPNS_Fixed\JobPortal_JPNS_Fixed\JobPortal_JPNS_Combined\JobPortal_JPNS_Combined\JobPortal\JobPortal.csproj]
C:\Users\Lokesh\Downloads\JobPortal_JPNS_Fixed (3)\JobPortal_JPNS_Fixed\JobPortal_JPNS_Fixed\JobPortal_JPNS_Combined\JobPortal_JPNS_Combined\JobPortal\Features\User\Admin\Repository\AdminRepository.cs(17,36): error CS0246: The type or namespace name 'IAdminRepository' could not be found (are you missing a using directive or an assembly reference?) [C:\Users\Lokesh\Downloads\JobPortal_JPNS_Fixed (3)\JobPortal_JPNS_Fixed\JobPortal_JPNS_Fixed\JobPortal_JPNS_Combined\JobPortal_JPNS_Combined\JobPortal\JobPortal.csproj]
C:\Users\Lokesh\Downloads\JobPortal_JPNS_Fixed (3)\JobPortal_JPNS_Fixed\JobPortal_JPNS_Fixed\JobPortal_JPNS_Combined\JobPortal_JPNS_Combined\JobPortal\Features\User\Admin\Interface\IAdminRepository.cs(23,26): error CS0118: 'Application' is a namespace but is used like a type [C:\Users\Lokesh\Downloads\JobPortal_JPNS_Fixed (3)\JobPortal_JPNS_Fixed\JobPortal_JPNS_Fixed\JobPortal_JPNS_Combined\JobPortal_JPNS_Combined\JobPortal\JobPortal.csproj]
C:\Users\Lokesh\Downloads\JobPortal_JPNS_Fixed (3)\JobPortal_JPNS_Fixed\JobPortal_JPNS_Fixed\JobPortal_JPNS_Combined\JobPortal_JPNS_Combined\JobPortal\Features\User\Admin\Interface\IAdminRepository.cs(29,26): error CS0118: 'Interview' is a namespace but is used like a type [C:\Users\Lokesh\Downloads\JobPortal_JPNS_Fixed (3)\JobPortal_JPNS_Fixed\JobPortal_JPNS_Fixed\JobPortal_JPNS_Combined\JobPortal_JPNS_Combined\JobPortal\JobPortal.csproj]
C:\Users\Lokesh\Downloads\JobPortal_JPNS_Fixed (3)\JobPortal_JPNS_Fixed\JobPortal_JPNS_Fixed\JobPortal_JPNS_Combined\JobPortal_JPNS_Combined\JobPortal\Features\User\Admin\Interface\IAdminRepository.cs(35,41): error CS0050: Inconsistent accessibility: return type 'Task<IEnumerable<Notification>>' is less accessible than method 'IAdminRepository.GetNotificationsAsync(int, bool)' [C:\Users\Lokesh\Downloads\JobPortal_JPNS_Fixed (3)\JobPortal_JPNS_Fixed\JobPortal_JPNS_Fixed\JobPortal_JPNS_Combined\JobPortal_JPNS_Combined\JobPortal\JobPortal.csproj]
C:\Users\Lokesh\Downloads\JobPortal_JPNS_Fixed (3)\JobPortal_JPNS_Fixed\JobPortal_JPNS_Fixed\JobPortal_JPNS_Combined\JobPortal_JPNS_Combined\JobPortal\Features\User\Admin\Repository\AdminRepository.cs(180,39): error CS0118: 'Application' is a namespace but is used like a type [C:\Users\Lokesh\Downloads\JobPortal_JPNS_Fixed (3)\JobPortal_JPNS_Fixed\JobPortal_JPNS_Fixed\JobPortal_JPNS_Combined\JobPortal_JPNS_Combined\JobPortal\JobPortal.csproj]
C:\Users\Lokesh\Downloads\JobPortal_JPNS_Fixed (3)\JobPortal_JPNS_Fixed\JobPortal_JPNS_Fixed\JobPortal_JPNS_Combined\JobPortal_JPNS_Combined\JobPortal\Features\User\Admin\Repository\AdminRepository.cs(249,39): error CS0118: 'Interview' is a namespace but is used like a type [C:\Users\Lokesh\Downloads\JobPortal_JPNS_Fixed (3)\JobPortal_JPNS_Fixed\JobPortal_JPNS_Fixed\JobPortal_JPNS_Combined\JobPortal_JPNS_Combined\JobPortal\JobPortal.csproj]
C:\Users\Lokesh\Downloads\JobPortal_JPNS_Fixed (3)\JobPortal_JPNS_Fixed\JobPortal_JPNS_Fixed\JobPortal_JPNS_Combined\JobPortal_JPNS_Combined\JobPortal\Features\User\Admin\Repository\AdminRepository.cs(326,54): error CS0050: Inconsistent accessibility: return type 'Task<IEnumerable<Notification>>' is less accessible than method 'AdminRepository.GetNotificationsAsync(int, bool)' [C:\Users\Lokesh\Downloads\JobPortal_JPNS_Fixed (3)\JobPortal_JPNS_Fixed\JobPortal_JPNS_Fixed\JobPortal_JPNS_Combined\JobPortal_JPNS_Combined\JobPortal\JobPortal.csproj]
C:\Users\Lokesh\Downloads\JobPortal_JPNS_Fixed (3)\JobPortal_JPNS_Fixed\JobPortal_JPNS_Fixed\JobPortal_JPNS_Combined\JobPortal_JPNS_Combined\JobPortal\Shared\UtilityClass\JobListing.cs(119,12): error CS0051: Inconsistent accessibility: parameter type 'SalaryRange' is less accessible than method 'JobListing.JobListing(string, string, string, string, string, SalaryRange, int, List<string>, DateTime)' [C:\Users\Lokesh\Downloads\JobPortal_JPNS_Fixed (3)\JobPortal_JPNS_Fixed\JobPortal_JPNS_Fixed\JobPortal_JPNS_Combined\JobPortal_JPNS_Combined\JobPortal\JobPortal.csproj]
    2 Warning(s)
    47 Error(s)

Time Elapsed 00:00:02.25
